// Jest Snapshot v1, https://goo.gl/fbAQLP

exports[`SearchBarContainer renders correctly 1`] = `ShallowWrapper {}`;
