// Jest Snapshot v1, https://goo.gl/fbAQLP

exports[`TrainListPaginationContainer renders correctly 1`] = `ShallowWrapper {}`;
