// Jest Snapshot v1, https://goo.gl/fbAQLP

exports[`TrainListRowContainer renders correctly 1`] = `ShallowWrapper {}`;
